
> projet-pf@0.1.0 build
> next build

   ▲ Next.js 15.5.12
   - Environments: .env.local

   Creating an optimized production build ...
Failed to compile.

./supabase/functions/handle-orders/_templates/UpdatedOrderEmail.tsx
Module not found: Can't resolve '@react-email/components'

https://nextjs.org/docs/messages/module-not-found

Import trace for requested module:
./app/actions/updateOrder.tsx
./node_modules/next/dist/build/webpack/loaders/next-flight-action-entry-loader.js?actions=%5B%5B%22%2FUsers%2Fjimmyrazafindretsa%2FDocuments%2Fmurmur-projects%2Fprojet-PF%2Fapp%2Factions%2FinsertFile.tsx%22%2C%5B%7B%22id%22%3A%2240b93a5801a6ce9f05f88554df776a09fb4f950cf2%22%2C%22exportedName%22%3A%22insertFile%22%2C%22filename%22%3A%22app%2Factions%2FinsertFile.tsx%22%7D%2C%7B%22id%22%3A%2240e8ff6dbc37a1060ad894649518ca937e7f1b3879%22%2C%22exportedName%22%3A%22uniqueFileName%22%2C%22filename%22%3A%22app%2Factions%2FinsertFile.tsx%22%7D%2C%7B%22id%22%3A%227fe8577600ab2ca438a24693cf7dd670a5e06389c5%22%2C%22exportedName%22%3A%22UniqueFileName%22%2C%22filename%22%3A%22app%2Factions%2FinsertFile.tsx%22%7D%5D%5D%2C%5B%22%2FUsers%2Fjimmyrazafindretsa%2FDocuments%2Fmurmur-projects%2Fprojet-PF%2Fapp%2Factions%2FdeleteFile.tsx%22%2C%5B%7B%22id%22%3A%2260d89242244e1b25a775aa99357537ee2bf22f27e6%22%2C%22exportedName%22%3A%22deleteFile%22%2C%22filename%22%3A%22app%2Factions%2FdeleteFile.tsx%22%7D%5D%5D%2C%5B%22%2FUsers%2Fjimmyrazafindretsa%2FDocuments%2Fmurmur-projects%2Fprojet-PF%2Fapp%2Factions%2FgetOrder.tsx%22%2C%5B%7B%22id%22%3A%2240df1c1c1394305703603a21aee7ce560c4115d2e6%22%2C%22exportedName%22%3A%22getOrder%22%2C%22filename%22%3A%22app%2Factions%2FgetOrder.tsx%22%7D%5D%5D%2C%5B%22%2FUsers%2Fjimmyrazafindretsa%2FDocuments%2Fmurmur-projects%2Fprojet-PF%2Fapp%2Factions%2FupdateOrder.tsx%22%2C%5B%7B%22id%22%3A%224020107ed278a2bfb64c3d144f133170105a862508%22%2C%22exportedName%22%3A%22updateOrder%22%2C%22filename%22%3A%22app%2Factions%2FupdateOrder.tsx%22%7D%5D%5D%2C%5B%22%2FUsers%2Fjimmyrazafindretsa%2FDocuments%2Fmurmur-projects%2Fprojet-PF%2Fapp%2Factions%2FdeleteOrder.tsx%22%2C%5B%7B%22id%22%3A%2240f9301fc66980dd1ad91969c119e0c4fadf727ff7%22%2C%22exportedName%22%3A%22deleteOrder%22%2C%22filename%22%3A%22app%2Factions%2FdeleteOrder.tsx%22%7D%5D%5D%2C%5B%22%2FUsers%2Fjimmyrazafindretsa%2FDocuments%2Fmurmur-projects%2Fprojet-PF%2Fapp%2Factions%2FgetStatuses.tsx%22%2C%5B%7B%22id%22%3A%22000e71cb439f654d9310c78d2073dff618299ef70d%22%2C%22exportedName%22%3A%22getStatuses%22%2C%22filename%22%3A%22app%2Factions%2FgetStatuses.tsx%22%7D%5D%5D%5D&__client_imported__=true!


> Build failed because of webpack errors
